Warning: You are sending unauthenticated requests to the HF Hub. Please set a HF_TOKEN to enable higher rate limits and faster downloads.
/opt/hostedtoolcache/Python/3.11.16/x64/lib/python3.11/site-packages/diffusers/models/lora.py:393: FutureWarning: `LoRACompatibleLinear` is deprecated and will be removed in version 1.0.0. Use of `LoRACompatibleLinear` is deprecated. Please switch to PEFT backend by installing PEFT: `pip install peft`.
  deprecate("LoRACompatibleLinear", "1.0.0", deprecation_message)
Traceback (most recent call last):
  File "/home/runner/work/Aven/Aven/research/tts/gen_chatterbox.py", line 33, in <module>
    model = ChatterboxMultilingualTTS.from_pretrained(device=torch.device("cpu"))
            ^^^^^^^^^^^^^^^^^^^^^^^^^^^^^^^^^^^^^^^^^^^^^^^^^^^^^^^^^^^^^^^^^^^^^
  File "/opt/hostedtoolcache/Python/3.11.16/x64/lib/python3.11/site-packages/chatterbox/mtl_tts.py", line 220, in from_pretrained
    return cls.from_local(ckpt_dir, device)
           ^^^^^^^^^^^^^^^^^^^^^^^^^^^^^^^^
  File "/opt/hostedtoolcache/Python/3.11.16/x64/lib/python3.11/site-packages/chatterbox/mtl_tts.py", line 187, in from_local
    torch.load(ckpt_dir / "s3gen.pt", map_location=map_location, weights_only=True)
  File "/home/runner/work/Aven/Aven/research/tts/gen_chatterbox.py", line 21, in _cpu_load
    return _torch_load(*a, **kw)
           ^^^^^^^^^^^^^^^^^^^^^
  File "/opt/hostedtoolcache/Python/3.11.16/x64/lib/python3.11/site-packages/torch/serialization.py", line 1462, in load
    return _load(
           ^^^^^^
  File "/opt/hostedtoolcache/Python/3.11.16/x64/lib/python3.11/site-packages/torch/serialization.py", line 1964, in _load
    result = unpickler.load()
             ^^^^^^^^^^^^^^^^
  File "/opt/hostedtoolcache/Python/3.11.16/x64/lib/python3.11/site-packages/torch/_weights_only_unpickler.py", line 512, in load
    self.append(self.persistent_load(pid))
                ^^^^^^^^^^^^^^^^^^^^^^^^^
  File "/opt/hostedtoolcache/Python/3.11.16/x64/lib/python3.11/site-packages/torch/serialization.py", line 1928, in persistent_load
    typed_storage = load_tensor(
                    ^^^^^^^^^^^^
  File "/opt/hostedtoolcache/Python/3.11.16/x64/lib/python3.11/site-packages/torch/serialization.py", line 1900, in load_tensor
    wrap_storage=restore_location(storage, location),
                 ^^^^^^^^^^^^^^^^^^^^^^^^^^^^^^^^^^^
  File "/opt/hostedtoolcache/Python/3.11.16/x64/lib/python3.11/site-packages/torch/serialization.py", line 693, in default_restore_location
    result = fn(storage, location)
             ^^^^^^^^^^^^^^^^^^^^^
  File "/opt/hostedtoolcache/Python/3.11.16/x64/lib/python3.11/site-packages/torch/serialization.py", line 631, in _deserialize
    device = _validate_device(location, backend_name)
             ^^^^^^^^^^^^^^^^^^^^^^^^^^^^^^^^^^^^^^^^
  File "/opt/hostedtoolcache/Python/3.11.16/x64/lib/python3.11/site-packages/torch/serialization.py", line 600, in _validate_device
    raise RuntimeError(
RuntimeError: Attempting to deserialize object on a CUDA device but torch.cuda.is_available() is False. If you are running on a CPU-only machine, please use torch.load with map_location=torch.device('cpu') to map your storages to the CPU.
ERROR: chatterbox: RuntimeError: Attempting to deserialize object on a CUDA device but torch.cuda.is_available() is False. If you are running on a CPU-only machine, please use torch.load with map_location=torch.device('cpu') to map your storages to the CPU.
metrics → /home/runner/work/Aven/Aven/research/tts/out/metrics/chatterbox.json
