[0;93m2026-09-25 16:40:00.198422132 [W:onnxruntime:Default, device_discovery.cc:146 GetPciBusId] Skipping pci_bus_id for PCI path at "/sys/devices/LNXSYSTM:00/LNXSYBUS:00/ACPI0004:00/MSFT1000:00/5620e0c7-8062-4dce-aeb7-520c7ef76171" because filename "5620e0c7-8062-4dce-aeb7-520c7ef76171" did not match expected pattern of [0-9a-f]+:[0-9a-f]+:[0-9a-f]+[.][0-9a-f]+[m
model name vosk-model-tts-ru-0.10-multi does not exist
model load failed: vosk-model-tts-ru-0.10-multi: SystemExit: 1

vosk-model-tts-ru-0.9-multi.zip: 0.00B [00:00, ?B/s]
vosk-model-tts-ru-0.9-multi.zip:   0%|          | 8.00k/747M [00:00<13:20:17, 16.3kB/s]
vosk-model-tts-ru-0.9-multi.zip:   0%|          | 96.0k/747M [00:00<1:14:01, 176kB/s]  
vosk-model-tts-ru-0.9-multi.zip:   0%|          | 256k/747M [00:00<27:09, 480kB/s]   
vosk-model-tts-ru-0.9-multi.zip:   0%|          | 448k/747M [00:00<19:03, 684kB/s]
vosk-model-tts-ru-0.9-multi.zip:   0%|          | 704k/747M [00:01<11:52, 1.10MB/s]
vosk-model-tts-ru-0.9-multi.zip:   0%|          | 1.14M/747M [00:01<06:40, 1.95MB/s]
vosk-model-tts-ru-0.9-multi.zip:   0%|          | 1.73M/747M [00:01<04:20, 3.00MB/s]
vosk-model-tts-ru-0.9-multi.zip:   0%|          | 2.38M/747M [00:01<03:16, 3.98MB/s]
vosk-model-tts-ru-0.9-multi.zip:   0%|          | 3.50M/747M [00:01<02:08, 6.08MB/s]
vosk-model-tts-ru-0.9-multi.zip:   1%|          | 4.39M/747M [00:01<01:51, 6.99MB/s]
vosk-model-tts-ru-0.9-multi.zip:   1%|          | 6.30M/747M [00:01<01:12, 10.7MB/s]
vosk-model-tts-ru-0.9-multi.zip:   1%|          | 8.52M/747M [00:01<00:54, 14.2MB/s]
vosk-model-tts-ru-0.9-multi.zip:   1%|▏         | 10.8M/747M [00:01<00:45, 17.0MB/s]
vosk-model-tts-ru-0.9-multi.zip:   2%|▏         | 13.4M/747M [00:01<00:38, 19.9MB/s]
vosk-model-tts-ru-0.9-multi.zip:   2%|▏         | 16.0M/747M [00:02<00:34, 22.0MB/s]
vosk-model-tts-ru-0.9-multi.zip:   3%|▎         | 18.8M/747M [00:02<00:31, 24.2MB/s]
vosk-model-tts-ru-0.9-multi.zip:   3%|▎         | 21.5M/747M [00:02<00:29, 25.4MB/s]
vosk-model-tts-ru-0.9-multi.zip:   3%|▎         | 24.1M/747M [00:02<00:28, 26.2MB/s]
vosk-model-tts-ru-0.9-multi.zip:   4%|▎         | 26.9M/747M [00:02<00:27, 27.0MB/s]
vosk-model-tts-ru-0.9-multi.zip:   4%|▍         | 29.5M/747M [00:02<00:27, 27.0MB/s]
vosk-model-tts-ru-0.9-multi.zip:   4%|▍         | 32.3M/747M [00:02<00:27, 27.3MB/s]
vosk-model-tts-ru-0.9-multi.zip:   5%|▍         | 34.9M/747M [00:02<00:27, 27.3MB/s]
vosk-model-tts-ru-0.9-multi.zip:   5%|▌         | 37.8M/747M [00:02<00:27, 27.4MB/s]
vosk-model-tts-ru-0.9-multi.zip:   5%|▌         | 40.5M/747M [00:03<00:26, 27.5MB/s]
vosk-model-tts-ru-0.9-multi.zip:   6%|▌         | 43.1M/747M [00:03<00:27, 27.2MB/s]
vosk-model-tts-ru-0.9-multi.zip:   6%|▌         | 45.7M/747M [00:03<00:26, 27.3MB/s]
vosk-model-tts-ru-0.9-multi.zip:   6%|▋         | 48.0M/747M [00:03<00:27, 26.5MB/s]
vosk-model-tts-ru-0.9-multi.zip:   7%|▋         | 50.7M/747M [00:03<00:27, 26.9MB/s]
vosk-model-tts-ru-0.9-multi.zip:   7%|▋         | 54.1M/747M [00:03<00:24, 29.2MB/s]
vosk-model-tts-ru-0.9-multi.zip:   7%|▋         | 55.9M/747M [00:03<00:27, 26.0MB/s]
vosk-model-tts-ru-0.9-multi.zip:   8%|▊         | 58.6M/747M [00:03<00:26, 26.9MB/s]
vosk-model-tts-ru-0.9-multi.zip:   8%|▊         | 60.9M/747M [00:03<00:27, 25.9MB/s]
vosk-model-tts-ru-0.9-multi.zip:   9%|▊         | 64.0M/747M [00:03<00:26, 26.8MB/s]
vosk-model-tts-ru-0.9-multi.zip:   9%|▉         | 66.8M/747M [00:04<00:26, 27.2MB/s]
vosk-model-tts-ru-0.9-multi.zip:   9%|▉         | 69.7M/747M [00:04<00:25, 28.2MB/s]
vosk-model-tts-ru-0.9-multi.zip:  10%|▉         | 72.6M/747M [00:04<00:24, 28.8MB/s]
vosk-model-tts-ru-0.9-multi.zip:  10%|█         | 75.5M/747M [00:04<00:23, 29.4MB/s]
vosk-model-tts-ru-0.9-multi.zip:  10%|█         | 78.4M/747M [00:04<00:23, 29.4MB/s]
vosk-model-tts-ru-0.9-multi.zip:  11%|█         | 81.3M/747M [00:04<00:23, 29.7MB/s]
vosk-model-tts-ru-0.9-multi.zip:  11%|█▏        | 84.2M/747M [00:04<00:23, 29.9MB/s]
vosk-model-tts-ru-0.9-multi.zip:  12%|█▏        | 87.1M/747M [00:04<00:23, 30.0MB/s]
vosk-model-tts-ru-0.9-multi.zip:  12%|█▏        | 90.1M/747M [00:04<00:22, 30.4MB/s]
vosk-model-tts-ru-0.9-multi.zip:  12%|█▏        | 92.8M/747M [00:04<00:23, 29.7MB/s]
vosk-model-tts-ru-0.9-multi.zip:  13%|█▎        | 96.0M/747M [00:05<00:22, 30.7MB/s]
vosk-model-tts-ru-0.9-multi.zip:  13%|█▎        | 98.7M/747M [00:05<00:22, 30.0MB/s]
vosk-model-tts-ru-0.9-multi.zip:  14%|█▎        | 102M/747M [00:05<00:22, 30.5MB/s] 
vosk-model-tts-ru-0.9-multi.zip:  14%|█▍        | 104M/747M [00:05<00:22, 29.9MB/s]
vosk-model-tts-ru-0.9-multi.zip:  14%|█▍        | 107M/747M [00:05<00:22, 29.8MB/s]
vosk-model-tts-ru-0.9-multi.zip:  15%|█▍        | 110M/747M [00:05<00:22, 29.2MB/s]
vosk-model-tts-ru-0.9-multi.zip:  15%|█▌        | 113M/747M [00:05<00:21, 30.7MB/s]
vosk-model-tts-ru-0.9-multi.zip:  15%|█▌        | 115M/747M [00:05<00:23, 28.2MB/s]
vosk-model-tts-ru-0.9-multi.zip:  16%|█▌        | 119M/747M [00:05<00:22, 29.8MB/s]
vosk-model-tts-ru-0.9-multi.zip:  16%|█▌        | 121M/747M [00:05<00:22, 28.6MB/s]
vosk-model-tts-ru-0.9-multi.zip:  17%|█▋        | 124M/747M [00:06<00:22, 28.7MB/s]
vosk-model-tts-ru-0.9-multi.zip:  17%|█▋        | 127M/747M [00:06<00:21, 29.6MB/s]
vosk-model-tts-ru-0.9-multi.zip:  17%|█▋        | 130M/747M [00:06<00:22, 28.9MB/s]
vosk-model-tts-ru-0.9-multi.zip:  18%|█▊        | 133M/747M [00:06<00:22, 29.1MB/s]
vosk-model-tts-ru-0.9-multi.zip:  18%|█▊        | 136M/747M [00:06<00:21, 29.4MB/s]
vosk-model-tts-ru-0.9-multi.zip:  19%|█▊        | 139M/747M [00:06<00:21, 29.8MB/s]
vosk-model-tts-ru-0.9-multi.zip:  19%|█▉        | 141M/747M [00:06<00:21, 29.8MB/s]
vosk-model-tts-ru-0.9-multi.zip:  19%|█▉        | 144M/747M [00:06<00:21, 29.3MB/s]
vosk-model-tts-ru-0.9-multi.zip:  20%|█▉        | 147M/747M [00:06<00:21, 29.4MB/s]
vosk-model-tts-ru-0.9-multi.zip:  20%|██        | 150M/747M [00:06<00:21, 29.4MB/s]
vosk-model-tts-ru-0.9-multi.zip:  20%|██        | 153M/747M [00:07<00:21, 29.4MB/s]
vosk-model-tts-ru-0.9-multi.zip:  21%|██        | 155M/747M [00:07<00:21, 29.5MB/s]
vosk-model-tts-ru-0.9-multi.zip:  21%|██        | 158M/747M [00:07<00:20, 29.9MB/s]
vosk-model-tts-ru-0.9-multi.zip:  22%|██▏       | 161M/747M [00:07<00:21, 28.9MB/s]
vosk-model-tts-ru-0.9-multi.zip:  22%|██▏       | 164M/747M [00:07<00:20, 29.2MB/s]
vosk-model-tts-ru-0.9-multi.zip:  22%|██▏       | 167M/747M [00:07<00:20, 29.7MB/s]
vosk-model-tts-ru-0.9-multi.zip:  23%|██▎       | 170M/747M [00:07<00:19, 30.3MB/s]
vosk-model-tts-ru-0.9-multi.zip:  23%|██▎       | 173M/747M [00:07<00:19, 30.2MB/s]
vosk-model-tts-ru-0.9-multi.zip:  24%|██▎       | 176M/747M [00:07<00:19, 30.5MB/s]
vosk-model-tts-ru-0.9-multi.zip:  24%|██▍       | 178M/747M [00:07<00:20, 28.9MB/s]
vosk-model-tts-ru-0.9-multi.zip:  24%|██▍       | 182M/747M [00:08<00:19, 31.1MB/s]
vosk-model-tts-ru-0.9-multi.zip:  25%|██▍       | 184M/747M [00:08<00:19, 30.4MB/s]
vosk-model-tts-ru-0.9-multi.zip:  25%|██▌       | 187M/747M [00:08<00:19, 29.6MB/s]
vosk-model-tts-ru-0.9-multi.zip:  25%|██▌       | 190M/747M [00:08<00:19, 30.4MB/s]
vosk-model-tts-ru-0.9-multi.zip:  26%|██▌       | 193M/747M [00:08<00:19, 30.3MB/s]
vosk-model-tts-ru-0.9-multi.zip:  26%|██▌       | 196M/747M [00:08<00:19, 30.0MB/s]
vosk-model-tts-ru-0.9-multi.zip:  27%|██▋       | 199M/747M [00:08<00:18, 31.4MB/s]
vosk-model-tts-ru-0.9-multi.zip:  27%|██▋       | 201M/747M [00:08<00:19, 29.6MB/s]
vosk-model-tts-ru-0.9-multi.zip:  27%|██▋       | 205M/747M [00:08<00:18, 30.4MB/s]
vosk-model-tts-ru-0.9-multi.zip:  28%|██▊       | 207M/747M [00:08<00:18, 30.3MB/s]
vosk-model-tts-ru-0.9-multi.zip:  28%|██▊       | 210M/747M [00:09<00:20, 27.5MB/s]
vosk-model-tts-ru-0.9-multi.zip:  29%|██▊       | 213M/747M [00:09<00:19, 28.5MB/s]
vosk-model-tts-ru-0.9-multi.zip:  29%|██▉       | 216M/747M [00:09<00:19, 28.7MB/s]
vosk-model-tts-ru-0.9-multi.zip:  29%|██▉       | 219M/747M [00:09<00:18, 29.4MB/s]
vosk-model-tts-ru-0.9-multi.zip:  30%|██▉       | 222M/747M [00:09<00:18, 29.6MB/s]
vosk-model-tts-ru-0.9-multi.zip:  30%|███       | 225M/747M [00:09<00:18, 30.0MB/s]
vosk-model-tts-ru-0.9-multi.zip:  31%|███       | 228M/747M [00:09<00:18, 30.1MB/s]
vosk-model-tts-ru-0.9-multi.zip:  31%|███       | 230M/747M [00:09<00:18, 29.2MB/s]
vosk-model-tts-ru-0.9-multi.zip:  31%|███▏      | 234M/747M [00:09<00:17, 30.4MB/s]
vosk-model-tts-ru-0.9-multi.zip:  32%|███▏      | 236M/747M [00:10<00:18, 29.7MB/s]
vosk-model-tts-ru-0.9-multi.zip:  32%|███▏      | 240M/747M [00:10<00:17, 30.6MB/s]
vosk-model-tts-ru-0.9-multi.zip:  32%|███▏      | 242M/747M [00:10<00:17, 30.3MB/s]
vosk-model-tts-ru-0.9-multi.zip:  33%|███▎      | 245M/747M [00:10<00:17, 30.7MB/s]
vosk-model-tts-ru-0.9-multi.zip:  33%|███▎      | 248M/747M [00:10<00:17, 30.6MB/s]
vosk-model-tts-ru-0.9-multi.zip:  34%|███▎      | 251M/747M [00:10<00:16, 30.6MB/s]
vosk-model-tts-ru-0.9-multi.zip:  34%|███▍      | 254M/747M [00:10<00:16, 30.9MB/s]
vosk-model-tts-ru-0.9-multi.zip:  34%|███▍      | 257M/747M [00:10<00:16, 30.8MB/s]
vosk-model-tts-ru-0.9-multi.zip:  35%|███▍      | 260M/747M [00:10<00:16, 30.7MB/s]
vosk-model-tts-ru-0.9-multi.zip:  35%|███▌      | 263M/747M [00:10<00:17, 29.7MB/s]
vosk-model-tts-ru-0.9-multi.zip:  36%|███▌      | 266M/747M [00:11<00:17, 28.6MB/s]
vosk-model-tts-ru-0.9-multi.zip:  36%|███▌      | 269M/747M [00:11<00:16, 29.6MB/s]
vosk-model-tts-ru-0.9-multi.zip:  36%|███▋      | 272M/747M [00:11<00:16, 30.2MB/s]
vosk-model-tts-ru-0.9-multi.zip:  37%|███▋      | 275M/747M [00:11<00:16, 30.5MB/s]
vosk-model-tts-ru-0.9-multi.zip:  37%|███▋      | 278M/747M [00:11<00:16, 29.9MB/s]
vosk-model-tts-ru-0.9-multi.zip:  38%|███▊      | 281M/747M [00:11<00:16, 30.4MB/s]
vosk-model-tts-ru-0.9-multi.zip:  38%|███▊      | 284M/747M [00:11<00:16, 30.3MB/s]
vosk-model-tts-ru-0.9-multi.zip:  38%|███▊      | 286M/747M [00:11<00:15, 30.3MB/s]
vosk-model-tts-ru-0.9-multi.zip:  39%|███▊      | 289M/747M [00:11<00:16, 29.7MB/s]
vosk-model-tts-ru-0.9-multi.zip:  39%|███▉      | 292M/747M [00:11<00:15, 31.1MB/s]
vosk-model-tts-ru-0.9-multi.zip:  40%|███▉      | 295M/747M [00:12<00:15, 30.6MB/s]
vosk-model-tts-ru-0.9-multi.zip:  40%|███▉      | 298M/747M [00:12<00:16, 28.0MB/s]
vosk-model-tts-ru-0.9-multi.zip:  40%|████      | 301M/747M [00:12<00:16, 29.1MB/s]
vosk-model-tts-ru-0.9-multi.zip:  41%|████      | 304M/747M [00:12<00:15, 29.5MB/s]
vosk-model-tts-ru-0.9-multi.zip:  41%|████      | 307M/747M [00:12<00:15, 29.9MB/s]
vosk-model-tts-ru-0.9-multi.zip:  42%|████▏     | 310M/747M [00:12<00:15, 29.6MB/s]
vosk-model-tts-ru-0.9-multi.zip:  42%|████▏     | 313M/747M [00:12<00:15, 29.9MB/s]
vosk-model-tts-ru-0.9-multi.zip:  42%|████▏     | 316M/747M [00:12<00:15, 29.7MB/s]
vosk-model-tts-ru-0.9-multi.zip:  43%|████▎     | 319M/747M [00:12<00:14, 30.0MB/s]
vosk-model-tts-ru-0.9-multi.zip:  43%|████▎     | 322M/747M [00:12<00:14, 30.2MB/s]
vosk-model-tts-ru-0.9-multi.zip:  43%|████▎     | 325M/747M [00:13<00:14, 31.0MB/s]
vosk-model-tts-ru-0.9-multi.zip:  44%|████▍     | 327M/747M [00:13<00:14, 30.2MB/s]
vosk-model-tts-ru-0.9-multi.zip:  44%|████▍     | 330M/747M [00:13<00:14, 30.4MB/s]
vosk-model-tts-ru-0.9-multi.zip:  45%|████▍     | 333M/747M [00:13<00:14, 30.1MB/s]
vosk-model-tts-ru-0.9-multi.zip:  45%|████▌     | 336M/747M [00:13<00:14, 30.3MB/s]
vosk-model-tts-ru-0.9-multi.zip:  45%|████▌     | 339M/747M [00:13<00:14, 29.2MB/s]
vosk-model-tts-ru-0.9-multi.zip:  46%|████▌     | 342M/747M [00:13<00:13, 30.6MB/s]
vosk-model-tts-ru-0.9-multi.zip:  46%|████▌     | 345M/747M [00:13<00:14, 30.1MB/s]
vosk-model-tts-ru-0.9-multi.zip:  47%|████▋     | 348M/747M [00:13<00:13, 30.8MB/s]
vosk-model-tts-ru-0.9-multi.zip:  47%|████▋     | 351M/747M [00:13<00:13, 30.7MB/s]
vosk-model-tts-ru-0.9-multi.zip:  47%|████▋     | 354M/747M [00:14<00:13, 31.0MB/s]
vosk-model-tts-ru-0.9-multi.zip:  48%|████▊     | 356M/747M [00:14<00:13, 29.5MB/s]
vosk-model-tts-ru-0.9-multi.zip:  48%|████▊     | 360M/747M [00:14<00:13, 29.0MB/s]
vosk-model-tts-ru-0.9-multi.zip:  49%|████▊     | 363M/747M [00:14<00:13, 29.8MB/s]
vosk-model-tts-ru-0.9-multi.zip:  49%|████▉     | 366M/747M [00:14<00:13, 30.2MB/s]
vosk-model-tts-ru-0.9-multi.zip:  49%|████▉     | 368M/747M [00:14<00:13, 30.1MB/s]
vosk-model-tts-ru-0.9-multi.zip:  50%|████▉     | 371M/747M [00:14<00:13, 29.9MB/s]
vosk-model-tts-ru-0.9-multi.zip:  50%|█████     | 374M/747M [00:14<00:12, 30.3MB/s]
vosk-model-tts-ru-0.9-multi.zip:  50%|█████     | 377M/747M [00:14<00:13, 29.8MB/s]
vosk-model-tts-ru-0.9-multi.zip:  51%|█████     | 380M/747M [00:15<00:13, 29.4MB/s]
vosk-model-tts-ru-0.9-multi.zip:  51%|█████     | 382M/747M [00:15<00:12, 29.4MB/s]
vosk-model-tts-ru-0.9-multi.zip:  52%|█████▏    | 385M/747M [00:15<00:12, 29.4MB/s]
vosk-model-tts-ru-0.9-multi.zip:  52%|█████▏    | 388M/747M [00:15<00:12, 29.7MB/s]
vosk-model-tts-ru-0.9-multi.zip:  52%|█████▏    | 391M/747M [00:15<00:12, 29.3MB/s]
vosk-model-tts-ru-0.9-multi.zip:  53%|█████▎    | 394M/747M [00:15<00:12, 29.8MB/s]
vosk-model-tts-ru-0.9-multi.zip:  53%|█████▎    | 397M/747M [00:15<00:12, 29.6MB/s]
vosk-model-tts-ru-0.9-multi.zip:  54%|█████▎    | 399M/747M [00:15<00:12, 29.5MB/s]
vosk-model-tts-ru-0.9-multi.zip:  54%|█████▍    | 402M/747M [00:15<00:12, 29.3MB/s]
vosk-model-tts-ru-0.9-multi.zip:  54%|█████▍    | 405M/747M [00:15<00:12, 29.7MB/s]
vosk-model-tts-ru-0.9-multi.zip:  55%|█████▍    | 408M/747M [00:16<00:12, 29.4MB/s]
vosk-model-tts-ru-0.9-multi.zip:  55%|█████▌    | 411M/747M [00:16<00:11, 29.9MB/s]
vosk-model-tts-ru-0.9-multi.zip:  55%|█████▌    | 414M/747M [00:16<00:11, 29.2MB/s]
vosk-model-tts-ru-0.9-multi.zip:  56%|█████▌    | 416M/747M [00:16<00:11, 29.3MB/s]
vosk-model-tts-ru-0.9-multi.zip:  56%|█████▌    | 419M/747M [00:16<00:11, 29.4MB/s]
vosk-model-tts-ru-0.9-multi.zip:  57%|█████▋    | 422M/747M [00:16<00:11, 29.4MB/s]
vosk-model-tts-ru-0.9-multi.zip:  57%|█████▋    | 425M/747M [00:16<00:11, 29.4MB/s]
vosk-model-tts-ru-0.9-multi.zip:  57%|█████▋    | 428M/747M [00:16<00:11, 29.8MB/s]
vosk-model-tts-ru-0.9-multi.zip:  58%|█████▊    | 430M/747M [00:16<00:11, 29.4MB/s]
vosk-model-tts-ru-0.9-multi.zip:  58%|█████▊    | 433M/747M [00:16<00:11, 29.4MB/s]
vosk-model-tts-ru-0.9-multi.zip:  58%|█████▊    | 436M/747M [00:17<00:11, 29.3MB/s]
vosk-model-tts-ru-0.9-multi.zip:  59%|█████▉    | 439M/747M [00:17<00:10, 29.6MB/s]
vosk-model-tts-ru-0.9-multi.zip:  59%|█████▉    | 442M/747M [00:17<00:10, 29.2MB/s]
vosk-model-tts-ru-0.9-multi.zip:  60%|█████▉    | 445M/747M [00:17<00:10, 29.5MB/s]
vosk-model-tts-ru-0.9-multi.zip:  60%|█████▉    | 447M/747M [00:17<00:10, 29.3MB/s]
vosk-model-tts-ru-0.9-multi.zip:  60%|██████    | 450M/747M [00:17<00:10, 29.2MB/s]
vosk-model-tts-ru-0.9-multi.zip:  61%|██████    | 453M/747M [00:17<00:10, 29.4MB/s]
vosk-model-tts-ru-0.9-multi.zip:  61%|██████    | 456M/747M [00:17<00:10, 29.5MB/s]
vosk-model-tts-ru-0.9-multi.zip:  61%|██████▏   | 459M/747M [00:17<00:10, 29.7MB/s]
vosk-model-tts-ru-0.9-multi.zip:  62%|██████▏   | 462M/747M [00:17<00:09, 30.1MB/s]
vosk-model-tts-ru-0.9-multi.zip:  62%|██████▏   | 464M/747M [00:18<00:10, 29.4MB/s]
vosk-model-tts-ru-0.9-multi.zip:  63%|██████▎   | 467M/747M [00:18<00:09, 30.1MB/s]
vosk-model-tts-ru-0.9-multi.zip:  63%|██████▎   | 470M/747M [00:18<00:09, 29.4MB/s]
vosk-model-tts-ru-0.9-multi.zip:  63%|██████▎   | 473M/747M [00:18<00:09, 29.3MB/s]
vosk-model-tts-ru-0.9-multi.zip:  64%|██████▎   | 476M/747M [00:18<00:09, 29.5MB/s]
vosk-model-tts-ru-0.9-multi.zip:  64%|██████▍   | 478M/747M [00:18<00:09, 28.9MB/s]
vosk-model-tts-ru-0.9-multi.zip:  64%|██████▍   | 481M/747M [00:18<00:09, 29.3MB/s]
vosk-model-tts-ru-0.9-multi.zip:  65%|██████▍   | 484M/747M [00:18<00:09, 28.7MB/s]
vosk-model-tts-ru-0.9-multi.zip:  65%|██████▌   | 487M/747M [00:18<00:09, 29.2MB/s]
vosk-model-tts-ru-0.9-multi.zip:  66%|██████▌   | 489M/747M [00:18<00:09, 28.5MB/s]
vosk-model-tts-ru-0.9-multi.zip:  66%|██████▌   | 492M/747M [00:19<00:09, 28.8MB/s]
vosk-model-tts-ru-0.9-multi.zip:  66%|██████▋   | 495M/747M [00:19<00:09, 28.9MB/s]
vosk-model-tts-ru-0.9-multi.zip:  67%|██████▋   | 498M/747M [00:19<00:08, 30.4MB/s]
vosk-model-tts-ru-0.9-multi.zip:  67%|██████▋   | 500M/747M [00:19<00:09, 28.4MB/s]
vosk-model-tts-ru-0.9-multi.zip:  67%|██████▋   | 503M/747M [00:19<00:08, 28.7MB/s]
vosk-model-tts-ru-0.9-multi.zip:  68%|██████▊   | 506M/747M [00:19<00:08, 28.7MB/s]
vosk-model-tts-ru-0.9-multi.zip:  68%|██████▊   | 509M/747M [00:19<00:08, 28.0MB/s]
vosk-model-tts-ru-0.9-multi.zip:  69%|██████▊   | 512M/747M [00:19<00:08, 29.0MB/s]
vosk-model-tts-ru-0.9-multi.zip:  69%|██████▉   | 514M/747M [00:19<00:08, 27.9MB/s]
vosk-model-tts-ru-0.9-multi.zip:  69%|██████▉   | 517M/747M [00:19<00:08, 27.7MB/s]
vosk-model-tts-ru-0.9-multi.zip:  70%|██████▉   | 520M/747M [00:20<00:08, 28.4MB/s]
vosk-model-tts-ru-0.9-multi.zip:  70%|██████▉   | 522M/747M [00:20<00:08, 28.1MB/s]
vosk-model-tts-ru-0.9-multi.zip:  70%|███████   | 525M/747M [00:20<00:08, 28.2MB/s]
vosk-model-tts-ru-0.9-multi.zip:  71%|███████   | 528M/747M [00:20<00:07, 29.5MB/s]
vosk-model-tts-ru-0.9-multi.zip:  71%|███████   | 530M/747M [00:20<00:08, 28.3MB/s]
vosk-model-tts-ru-0.9-multi.zip:  71%|███████▏  | 533M/747M [00:20<00:07, 28.9MB/s]
vosk-model-tts-ru-0.9-multi.zip:  72%|███████▏  | 537M/747M [00:20<00:07, 30.8MB/s]
vosk-model-tts-ru-0.9-multi.zip:  72%|███████▏  | 539M/747M [00:20<00:07, 29.5MB/s]
vosk-model-tts-ru-0.9-multi.zip:  73%|███████▎  | 542M/747M [00:20<00:07, 28.8MB/s]
vosk-model-tts-ru-0.9-multi.zip:  73%|███████▎  | 545M/747M [00:20<00:07, 29.5MB/s]
vosk-model-tts-ru-0.9-multi.zip:  73%|███████▎  | 548M/747M [00:21<00:06, 29.7MB/s]
vosk-model-tts-ru-0.9-multi.zip:  74%|███████▍  | 551M/747M [00:21<00:06, 29.4MB/s]
vosk-model-tts-ru-0.9-multi.zip:  74%|███████▍  | 554M/747M [00:21<00:06, 29.4MB/s]
vosk-model-tts-ru-0.9-multi.zip:  75%|███████▍  | 557M/747M [00:21<00:06, 29.5MB/s]
vosk-model-tts-ru-0.9-multi.zip:  75%|███████▍  | 560M/747M [00:21<00:06, 29.4MB/s]
vosk-model-tts-ru-0.9-multi.zip:  75%|███████▌  | 562M/747M [00:21<00:06, 29.0MB/s]
vosk-model-tts-ru-0.9-multi.zip:  76%|███████▌  | 565M/747M [00:21<00:06, 29.1MB/s]
vosk-model-tts-ru-0.9-multi.zip:  76%|███████▌  | 568M/747M [00:21<00:06, 29.6MB/s]
vosk-model-tts-ru-0.9-multi.zip:  76%|███████▋  | 571M/747M [00:21<00:06, 30.1MB/s]
vosk-model-tts-ru-0.9-multi.zip:  77%|███████▋  | 574M/747M [00:21<00:06, 30.1MB/s]
vosk-model-tts-ru-0.9-multi.zip:  77%|███████▋  | 577M/747M [00:22<00:05, 29.7MB/s]
vosk-model-tts-ru-0.9-multi.zip:  78%|███████▊  | 580M/747M [00:22<00:05, 29.8MB/s]
vosk-model-tts-ru-0.9-multi.zip:  78%|███████▊  | 582M/747M [00:22<00:05, 30.1MB/s]
vosk-model-tts-ru-0.9-multi.zip:  78%|███████▊  | 586M/747M [00:22<00:05, 30.6MB/s]
vosk-model-tts-ru-0.9-multi.zip:  79%|███████▉  | 589M/747M [00:22<00:05, 30.9MB/s]
vosk-model-tts-ru-0.9-multi.zip:  79%|███████▉  | 591M/747M [00:22<00:05, 30.6MB/s]
vosk-model-tts-ru-0.9-multi.zip:  80%|███████▉  | 594M/747M [00:22<00:05, 30.7MB/s]
vosk-model-tts-ru-0.9-multi.zip:  80%|████████  | 597M/747M [00:22<00:05, 30.9MB/s]
vosk-model-tts-ru-0.9-multi.zip:  80%|████████  | 600M/747M [00:22<00:05, 30.5MB/s]
vosk-model-tts-ru-0.9-multi.zip:  81%|████████  | 603M/747M [00:22<00:04, 31.0MB/s]
vosk-model-tts-ru-0.9-multi.zip:  81%|████████  | 606M/747M [00:23<00:04, 31.4MB/s]
vosk-model-tts-ru-0.9-multi.zip:  82%|████████▏ | 609M/747M [00:23<00:04, 31.5MB/s]
vosk-model-tts-ru-0.9-multi.zip:  82%|████████▏ | 612M/747M [00:23<00:04, 28.2MB/s]
vosk-model-tts-ru-0.9-multi.zip:  82%|████████▏ | 615M/747M [00:23<00:04, 28.9MB/s]
vosk-model-tts-ru-0.9-multi.zip:  83%|████████▎ | 618M/747M [00:23<00:04, 29.8MB/s]
vosk-model-tts-ru-0.9-multi.zip:  83%|████████▎ | 621M/747M [00:23<00:04, 29.9MB/s]
vosk-model-tts-ru-0.9-multi.zip:  84%|████████▎ | 624M/747M [00:23<00:04, 30.5MB/s]
vosk-model-tts-ru-0.9-multi.zip:  84%|████████▍ | 627M/747M [00:23<00:04, 30.5MB/s]
vosk-model-tts-ru-0.9-multi.zip:  84%|████████▍ | 630M/747M [00:23<00:03, 30.9MB/s]
vosk-model-tts-ru-0.9-multi.zip:  85%|████████▍ | 633M/747M [00:24<00:03, 30.8MB/s]
vosk-model-tts-ru-0.9-multi.zip:  85%|████████▌ | 636M/747M [00:24<00:03, 30.9MB/s]
vosk-model-tts-ru-0.9-multi.zip:  86%|████████▌ | 639M/747M [00:24<00:03, 31.4MB/s]
vosk-model-tts-ru-0.9-multi.zip:  86%|████████▌ | 642M/747M [00:24<00:03, 31.0MB/s]
vosk-model-tts-ru-0.9-multi.zip:  86%|████████▋ | 645M/747M [00:24<00:03, 31.0MB/s]
vosk-model-tts-ru-0.9-multi.zip:  87%|████████▋ | 648M/747M [00:24<00:03, 30.1MB/s]
vosk-model-tts-ru-0.9-multi.zip:  87%|████████▋ | 650M/747M [00:24<00:03, 29.3MB/s]
vosk-model-tts-ru-0.9-multi.zip:  88%|████████▊ | 653M/747M [00:24<00:03, 29.4MB/s]
vosk-model-tts-ru-0.9-multi.zip:  88%|████████▊ | 656M/747M [00:24<00:03, 30.3MB/s]
vosk-model-tts-ru-0.9-multi.zip:  88%|████████▊ | 659M/747M [00:24<00:03, 29.5MB/s]
vosk-model-tts-ru-0.9-multi.zip:  89%|████████▊ | 662M/747M [00:25<00:02, 30.2MB/s]
vosk-model-tts-ru-0.9-multi.zip:  89%|████████▉ | 665M/747M [00:25<00:03, 28.3MB/s]
vosk-model-tts-ru-0.9-multi.zip:  89%|████████▉ | 668M/747M [00:25<00:02, 29.1MB/s]
vosk-model-tts-ru-0.9-multi.zip:  90%|████████▉ | 671M/747M [00:25<00:02, 29.8MB/s]
vosk-model-tts-ru-0.9-multi.zip:  90%|█████████ | 674M/747M [00:25<00:02, 30.0MB/s]
vosk-model-tts-ru-0.9-multi.zip:  91%|█████████ | 677M/747M [00:25<00:02, 29.9MB/s]
vosk-model-tts-ru-0.9-multi.zip:  91%|█████████ | 680M/747M [00:25<00:02, 29.6MB/s]
vosk-model-tts-ru-0.9-multi.zip:  91%|█████████▏| 683M/747M [00:25<00:02, 30.7MB/s]
vosk-model-tts-ru-0.9-multi.zip:  92%|█████████▏| 686M/747M [00:25<00:02, 30.3MB/s]
vosk-model-tts-ru-0.9-multi.zip:  92%|█████████▏| 689M/747M [00:25<00:01, 31.3MB/s]
vosk-model-tts-ru-0.9-multi.zip:  93%|█████████▎| 691M/747M [00:26<00:01, 30.3MB/s]
vosk-model-tts-ru-0.9-multi.zip:  93%|█████████▎| 694M/747M [00:26<00:01, 29.3MB/s]
vosk-model-tts-ru-0.9-multi.zip:  93%|█████████▎| 697M/747M [00:26<00:01, 29.4MB/s]
vosk-model-tts-ru-0.9-multi.zip:  94%|█████████▎| 700M/747M [00:26<00:01, 29.6MB/s]
vosk-model-tts-ru-0.9-multi.zip:  94%|█████████▍| 703M/747M [00:26<00:01, 29.6MB/s]
vosk-model-tts-ru-0.9-multi.zip:  94%|█████████▍| 705M/747M [00:26<00:01, 29.2MB/s]
vosk-model-tts-ru-0.9-multi.zip:  95%|█████████▍| 708M/747M [00:26<00:01, 29.4MB/s]
vosk-model-tts-ru-0.9-multi.zip:  95%|█████████▌| 711M/747M [00:26<00:01, 29.2MB/s]
vosk-model-tts-ru-0.9-multi.zip:  96%|█████████▌| 714M/747M [00:26<00:01, 29.2MB/s]
vosk-model-tts-ru-0.9-multi.zip:  96%|█████████▌| 717M/747M [00:26<00:01, 30.4MB/s]
vosk-model-tts-ru-0.9-multi.zip:  96%|█████████▋| 719M/747M [00:27<00:00, 29.3MB/s]
vosk-model-tts-ru-0.9-multi.zip:  97%|█████████▋| 722M/747M [00:27<00:00, 29.7MB/s]
vosk-model-tts-ru-0.9-multi.zip:  97%|█████████▋| 725M/747M [00:27<00:00, 29.4MB/s]
vosk-model-tts-ru-0.9-multi.zip:  98%|█████████▊| 728M/747M [00:27<00:00, 29.8MB/s]
vosk-model-tts-ru-0.9-multi.zip:  98%|█████████▊| 731M/747M [00:27<00:00, 29.7MB/s]
vosk-model-tts-ru-0.9-multi.zip:  98%|█████████▊| 734M/747M [00:27<00:00, 29.8MB/s]
vosk-model-tts-ru-0.9-multi.zip:  99%|█████████▊| 736M/747M [00:27<00:00, 29.2MB/s]
vosk-model-tts-ru-0.9-multi.zip:  99%|█████████▉| 739M/747M [00:27<00:00, 29.5MB/s]
vosk-model-tts-ru-0.9-multi.zip:  99%|█████████▉| 742M/747M [00:27<00:00, 29.1MB/s]
vosk-model-tts-ru-0.9-multi.zip: 100%|█████████▉| 745M/747M [00:27<00:00, 29.2MB/s]
vosk-model-tts-ru-0.9-multi.zip: 100%|██████████| 747M/747M [00:32<00:00, 23.9MB/s]
vosk/spk00/t01: synth 2.96s audio 7.21s
vosk/spk01/t01: synth 1.79s audio 4.39s
vosk/spk02/t01: synth 2.23s audio 5.32s
vosk/spk03/t01: synth 2.02s audio 4.85s
vosk/spk04/t01: synth 1.75s audio 4.34s
vosk/spk01/t01: synth 1.81s audio 4.39s
vosk/spk01/t02: synth 1.82s audio 4.37s
vosk/spk01/t03: synth 1.39s audio 3.03s
vosk/spk01/t04: synth 1.80s audio 4.11s
vosk/spk01/t05: synth 0.93s audio 1.86s
vosk/spk01/t06: synth 1.40s audio 3.12s
vosk/spk01/t07: synth 1.69s audio 3.82s
vosk/spk01/t08: synth 1.43s audio 3.18s
vosk/spk01/t09: synth 1.00s audio 2.11s
vosk/spk01/t10: synth 1.49s audio 3.44s
vosk/spk02/t01: synth 2.25s audio 5.32s
vosk/spk02/t02: synth 2.20s audio 5.26s
vosk/spk02/t03: synth 1.72s audio 3.94s
vosk/spk02/t04: synth 2.05s audio 5.04s
vosk/spk02/t05: synth 1.15s audio 2.44s
vosk/spk02/t06: synth 1.56s audio 3.69s
vosk/spk02/t07: synth 2.06s audio 5.05s
vosk/spk02/t08: synth 1.65s audio 3.74s
vosk/spk02/t09: synth 1.23s audio 2.71s
vosk/spk02/t10: synth 1.72s audio 3.92s
metrics → /home/runner/work/Aven/Aven/research/tts/out/metrics/vosk.json
